// Jest Snapshot v1, https://goo.gl/fbAQLP

exports[`The MessageInput component renders a form 1`] = `
<form
  className="MessageForm"
  onSubmit={[Function]}
>
  <input
    autoFocus={true}
    className="MessageInput"
    onChange={[Function]}
    value=""
  />
</form>
`;
